  Determining projects to restore...
C:\Users\thanh\OneDrive\Documents\SP26SE120_VietTune\backend\VietTuneArchive.Application\VietTuneArchive.Application.csproj : warning NU1903: Package 'AutoMapper' 15.0.1 has a known high severity vulnerability, https://github.com/advisories/GHSA-rvv3-g6hj-g44x [C:\Users\thanh\OneDrive\Documents\SP26SE120_VietTune\backend\VietTuneArchive.sln]
  All projects are up-to-date for restore.
C:\Users\thanh\OneDrive\Documents\SP26SE120_VietTune\backend\VietTuneArchive.Application\VietTuneArchive.Application.csproj : warning NU1903: Package 'AutoMapper' 15.0.1 has a known high severity vulnerability, https://github.com/advisories/GHSA-rvv3-g6hj-g44x
  VietTuneArchive.Domain -> C:\Users\thanh\OneDrive\Documents\SP26SE120_VietTune\backend\VietTuneArchive.Domain\bin\Debug\net8.0\VietTuneArchive.Domain.dll
C:\Program Files\dotnet\sdk\9.0.101\Microsoft.Common.CurrentVersion.targets(2413,5): warning MSB3277: Found conflicts between different versions of "Microsoft.EntityFrameworkCore.Relational" that could not be resolved. [C:\Users\thanh\OneDrive\Documents\SP26SE120_VietTune\backend\VietTuneArchive.Application\VietTuneArchive.Application.csproj]
C:\Program Files\dotnet\sdk\9.0.101\Microsoft.Common.CurrentVersion.targets(2413,5): warning MSB3277: There was a conflict between "Microsoft.EntityFrameworkCore.Relational, Version=9.0.1.0, Culture=neutral, PublicKeyToken=adb9793829ddae60" and "Microsoft.EntityFrameworkCore.Relational, Version=9.0.9.0, Culture=neutral, PublicKeyToken=adb9793829ddae60". [C:\Users\thanh\OneDrive\Documents\SP26SE120_VietTune\backend\VietTuneArchive.Application\VietTuneArchive.Application.csproj]
C:\Program Files\dotnet\sdk\9.0.101\Microsoft.Common.CurrentVersion.targets(2413,5): warning MSB3277:     "Microsoft.EntityFrameworkCore.Relational, Version=9.0.1.0, Culture=neutral, PublicKeyToken=adb9793829ddae60" was chosen because it was primary and "Microsoft.EntityFrameworkCore.Relational, Version=9.0.9.0, Culture=neutral, PublicKeyToken=adb9793829ddae60" was not. [C:\Users\thanh\OneDrive\Documents\SP26SE120_VietTune\backend\VietTuneArchive.Application\VietTuneArchive.Application.csproj]
C:\Program Files\dotnet\sdk\9.0.101\Microsoft.Common.CurrentVersion.targets(2413,5): warning MSB3277:     References which depend on "Microsoft.EntityFrameworkCore.Relational, Version=9.0.1.0, Culture=neutral, PublicKeyToken=adb9793829ddae60" [C:\Users\thanh\.nuget\packages\microsoft.entityframeworkcore.relational\9.0.1\lib\net8.0\Microsoft.EntityFrameworkCore.Relational.dll]. [C:\Users\thanh\OneDrive\Documents\SP26SE120_VietTune\backend\VietTuneArchive.Application\VietTuneArchive.Application.csproj]
C:\Program Files\dotnet\sdk\9.0.101\Microsoft.Common.CurrentVersion.targets(2413,5): warning MSB3277:         C:\Users\thanh\.nuget\packages\microsoft.entityframeworkcore.relational\9.0.1\lib\net8.0\Microsoft.EntityFrameworkCore.Relational.dll [C:\Users\thanh\OneDrive\Documents\SP26SE120_VietTune\backend\VietTuneArchive.Application\VietTuneArchive.Application.csproj]
C:\Program Files\dotnet\sdk\9.0.101\Microsoft.Common.CurrentVersion.targets(2413,5): warning MSB3277:           Project file item includes which caused reference "C:\Users\thanh\.nuget\packages\microsoft.entityframeworkcore.relational\9.0.1\lib\net8.0\Microsoft.EntityFrameworkCore.Relational.dll". [C:\Users\thanh\OneDrive\Documents\SP26SE120_VietTune\backend\VietTuneArchive.Application\VietTuneArchive.Application.csproj]
C:\Program Files\dotnet\sdk\9.0.101\Microsoft.Common.CurrentVersion.targets(2413,5): warning MSB3277:             C:\Users\thanh\.nuget\packages\microsoft.entityframeworkcore.relational\9.0.1\lib\net8.0\Microsoft.EntityFrameworkCore.Relational.dll [C:\Users\thanh\OneDrive\Documents\SP26SE120_VietTune\backend\VietTuneArchive.Application\VietTuneArchive.Application.csproj]
C:\Program Files\dotnet\sdk\9.0.101\Microsoft.Common.CurrentVersion.targets(2413,5): warning MSB3277:     References which depend on or have been unified to "Microsoft.EntityFrameworkCore.Relational, Version=9.0.9.0, Culture=neutral, PublicKeyToken=adb9793829ddae60" []. [C:\Users\thanh\OneDrive\Documents\SP26SE120_VietTune\backend\VietTuneArchive.Application\VietTuneArchive.Application.csproj]
C:\Program Files\dotnet\sdk\9.0.101\Microsoft.Common.CurrentVersion.targets(2413,5): warning MSB3277:         C:\Users\thanh\OneDrive\Documents\SP26SE120_VietTune\backend\VietTuneArchive.Domain\bin\Debug\net8.0\VietTuneArchive.Domain.dll [C:\Users\thanh\OneDrive\Documents\SP26SE120_VietTune\backend\VietTuneArchive.Application\VietTuneArchive.Application.csproj]
C:\Program Files\dotnet\sdk\9.0.101\Microsoft.Common.CurrentVersion.targets(2413,5): warning MSB3277:           Project file item includes which caused reference "C:\Users\thanh\OneDrive\Documents\SP26SE120_VietTune\backend\VietTuneArchive.Domain\bin\Debug\net8.0\VietTuneArchive.Domain.dll". [C:\Users\thanh\OneDrive\Documents\SP26SE120_VietTune\backend\VietTuneArchive.Application\VietTuneArchive.Application.csproj]
C:\Program Files\dotnet\sdk\9.0.101\Microsoft.Common.CurrentVersion.targets(2413,5): warning MSB3277:             C:\Users\thanh\OneDrive\Documents\SP26SE120_VietTune\backend\VietTuneArchive.Domain\bin\Debug\net8.0\VietTuneArchive.Domain.dll [C:\Users\thanh\OneDrive\Documents\SP26SE120_VietTune\backend\VietTuneArchive.Application\VietTuneArchive.Application.csproj]
  VietTuneArchive.Application -> C:\Users\thanh\OneDrive\Documents\SP26SE120_VietTune\backend\VietTuneArchive.Application\bin\Debug\net8.0\VietTuneArchive.Application.dll
C:\Users\thanh\OneDrive\Documents\SP26SE120_VietTune\backend\VietTuneArchive\Controllers\VectorEmbeddingController.cs(24,41): error CS1061: 'IVectorEmbeddingService' does not contain a definition for 'GetPaginatedAsync' and no accessible extension method 'GetPaginatedAsync' accepting a first argument of type 'IVectorEmbeddingService' could be found (are you missing a using directive or an assembly reference?) [C:\Users\thanh\OneDrive\Documents\SP26SE120_VietTune\backend\VietTuneArchive\VietTuneArchive.API.csproj]
C:\Users\thanh\OneDrive\Documents\SP26SE120_VietTune\backend\VietTuneArchive\Controllers\VectorEmbeddingController.cs(31,41): error CS1061: 'IVectorEmbeddingService' does not contain a definition for 'GetByIdAsync' and no accessible extension method 'GetByIdAsync' accepting a first argument of type 'IVectorEmbeddingService' could be found (are you missing a using directive or an assembly reference?) [C:\Users\thanh\OneDrive\Documents\SP26SE120_VietTune\backend\VietTuneArchive\VietTuneArchive.API.csproj]
C:\Users\thanh\OneDrive\Documents\SP26SE120_VietTune\backend\VietTuneArchive\Controllers\VectorEmbeddingController.cs(38,41): error CS1061: 'IVectorEmbeddingService' does not contain a definition for 'CreateAsync' and no accessible extension method 'CreateAsync' accepting a first argument of type 'IVectorEmbeddingService' could be found (are you missing a using directive or an assembly reference?) [C:\Users\thanh\OneDrive\Documents\SP26SE120_VietTune\backend\VietTuneArchive\VietTuneArchive.API.csproj]
C:\Users\thanh\OneDrive\Documents\SP26SE120_VietTune\backend\VietTuneArchive\Controllers\VectorEmbeddingController.cs(47,41): error CS1061: 'IVectorEmbeddingService' does not contain a definition for 'UpdateAsync' and no accessible extension method 'UpdateAsync' accepting a first argument of type 'IVectorEmbeddingService' could be found (are you missing a using directive or an assembly reference?) [C:\Users\thanh\OneDrive\Documents\SP26SE120_VietTune\backend\VietTuneArchive\VietTuneArchive.API.csproj]
C:\Users\thanh\OneDrive\Documents\SP26SE120_VietTune\backend\VietTuneArchive\Controllers\VectorEmbeddingController.cs(54,41): error CS1061: 'IVectorEmbeddingService' does not contain a definition for 'DeleteAsync' and no accessible extension method 'DeleteAsync' accepting a first argument of type 'IVectorEmbeddingService' could be found (are you missing a using directive or an assembly reference?) [C:\Users\thanh\OneDrive\Documents\SP26SE120_VietTune\backend\VietTuneArchive\VietTuneArchive.API.csproj]
C:\Users\thanh\OneDrive\Documents\SP26SE120_VietTune\backend\VietTuneArchive\Controllers\TranscriptionController.cs(51,62): warning CS1998: This async method lacks 'await' operators and will run synchronously. Consider using the 'await' operator to await non-blocking API calls, or 'await Task.Run(...)' to do CPU-bound work on a background thread. [C:\Users\thanh\OneDrive\Documents\SP26SE120_VietTune\backend\VietTuneArchive\VietTuneArchive.API.csproj]
C:\Users\thanh\OneDrive\Documents\SP26SE120_VietTune\backend\VietTuneArchive\Controllers\SubmissionVersionController.cs(96,17): warning CS8602: Dereference of a possibly null reference. [C:\Users\thanh\OneDrive\Documents\SP26SE120_VietTune\backend\VietTuneArchive\VietTuneArchive.API.csproj]
C:\Users\thanh\OneDrive\Documents\SP26SE120_VietTune\backend\VietTuneArchive\Controllers\SubmissionVersionController.cs(98,57): warning CS8604: Possible null reference argument for parameter 'dto' in 'Task<ServiceResponse<SubmissionVersionDto>> IGenericService<SubmissionVersionDto>.UpdateAsync(Guid id, SubmissionVersionDto dto)'. [C:\Users\thanh\OneDrive\Documents\SP26SE120_VietTune\backend\VietTuneArchive\VietTuneArchive.API.csproj]
C:\Users\thanh\OneDrive\Documents\SP26SE120_VietTune\backend\VietTuneArchive\Controllers\AuthController.cs(152,79): warning CS8604: Possible null reference argument for parameter 's' in 'byte[] Encoding.GetBytes(string s)'. [C:\Users\thanh\OneDrive\Documents\SP26SE120_VietTune\backend\VietTuneArchive\VietTuneArchive.API.csproj]
C:\Users\thanh\OneDrive\Documents\SP26SE120_VietTune\backend\VietTuneArchive\Controllers\MediaController.cs(22,55): warning CS1998: This async method lacks 'await' operators and will run synchronously. Consider using the 'await' operator to await non-blocking API calls, or 'await Task.Run(...)' to do CPU-bound work on a background thread. [C:\Users\thanh\OneDrive\Documents\SP26SE120_VietTune\backend\VietTuneArchive\VietTuneArchive.API.csproj]

Build FAILED.

C:\Users\thanh\OneDrive\Documents\SP26SE120_VietTune\backend\VietTuneArchive.Application\VietTuneArchive.Application.csproj : warning NU1903: Package 'AutoMapper' 15.0.1 has a known high severity vulnerability, https://github.com/advisories/GHSA-rvv3-g6hj-g44x [C:\Users\thanh\OneDrive\Documents\SP26SE120_VietTune\backend\VietTuneArchive.sln]
C:\Users\thanh\OneDrive\Documents\SP26SE120_VietTune\backend\VietTuneArchive.Application\VietTuneArchive.Application.csproj : warning NU1903: Package 'AutoMapper' 15.0.1 has a known high severity vulnerability, https://github.com/advisories/GHSA-rvv3-g6hj-g44x
C:\Program Files\dotnet\sdk\9.0.101\Microsoft.Common.CurrentVersion.targets(2413,5): warning MSB3277: Found conflicts between different versions of "Microsoft.EntityFrameworkCore.Relational" that could not be resolved. [C:\Users\thanh\OneDrive\Documents\SP26SE120_VietTune\backend\VietTuneArchive.Application\VietTuneArchive.Application.csproj]
C:\Program Files\dotnet\sdk\9.0.101\Microsoft.Common.CurrentVersion.targets(2413,5): warning MSB3277: There was a conflict between "Microsoft.EntityFrameworkCore.Relational, Version=9.0.1.0, Culture=neutral, PublicKeyToken=adb9793829ddae60" and "Microsoft.EntityFrameworkCore.Relational, Version=9.0.9.0, Culture=neutral, PublicKeyToken=adb9793829ddae60". [C:\Users\thanh\OneDrive\Documents\SP26SE120_VietTune\backend\VietTuneArchive.Application\VietTuneArchive.Application.csproj]
C:\Program Files\dotnet\sdk\9.0.101\Microsoft.Common.CurrentVersion.targets(2413,5): warning MSB3277:     "Microsoft.EntityFrameworkCore.Relational, Version=9.0.1.0, Culture=neutral, PublicKeyToken=adb9793829ddae60" was chosen because it was primary and "Microsoft.EntityFrameworkCore.Relational, Version=9.0.9.0, Culture=neutral, PublicKeyToken=adb9793829ddae60" was not. [C:\Users\thanh\OneDrive\Documents\SP26SE120_VietTune\backend\VietTuneArchive.Application\VietTuneArchive.Application.csproj]
C:\Program Files\dotnet\sdk\9.0.101\Microsoft.Common.CurrentVersion.targets(2413,5): warning MSB3277:     References which depend on "Microsoft.EntityFrameworkCore.Relational, Version=9.0.1.0, Culture=neutral, PublicKeyToken=adb9793829ddae60" [C:\Users\thanh\.nuget\packages\microsoft.entityframeworkcore.relational\9.0.1\lib\net8.0\Microsoft.EntityFrameworkCore.Relational.dll]. [C:\Users\thanh\OneDrive\Documents\SP26SE120_VietTune\backend\VietTuneArchive.Application\VietTuneArchive.Application.csproj]
C:\Program Files\dotnet\sdk\9.0.101\Microsoft.Common.CurrentVersion.targets(2413,5): warning MSB3277:         C:\Users\thanh\.nuget\packages\microsoft.entityframeworkcore.relational\9.0.1\lib\net8.0\Microsoft.EntityFrameworkCore.Relational.dll [C:\Users\thanh\OneDrive\Documents\SP26SE120_VietTune\backend\VietTuneArchive.Application\VietTuneArchive.Application.csproj]
C:\Program Files\dotnet\sdk\9.0.101\Microsoft.Common.CurrentVersion.targets(2413,5): warning MSB3277:           Project file item includes which caused reference "C:\Users\thanh\.nuget\packages\microsoft.entityframeworkcore.relational\9.0.1\lib\net8.0\Microsoft.EntityFrameworkCore.Relational.dll". [C:\Users\thanh\OneDrive\Documents\SP26SE120_VietTune\backend\VietTuneArchive.Application\VietTuneArchive.Application.csproj]
C:\Program Files\dotnet\sdk\9.0.101\Microsoft.Common.CurrentVersion.targets(2413,5): warning MSB3277:             C:\Users\thanh\.nuget\packages\microsoft.entityframeworkcore.relational\9.0.1\lib\net8.0\Microsoft.EntityFrameworkCore.Relational.dll [C:\Users\thanh\OneDrive\Documents\SP26SE120_VietTune\backend\VietTuneArchive.Application\VietTuneArchive.Application.csproj]
C:\Program Files\dotnet\sdk\9.0.101\Microsoft.Common.CurrentVersion.targets(2413,5): warning MSB3277:     References which depend on or have been unified to "Microsoft.EntityFrameworkCore.Relational, Version=9.0.9.0, Culture=neutral, PublicKeyToken=adb9793829ddae60" []. [C:\Users\thanh\OneDrive\Documents\SP26SE120_VietTune\backend\VietTuneArchive.Application\VietTuneArchive.Application.csproj]
C:\Program Files\dotnet\sdk\9.0.101\Microsoft.Common.CurrentVersion.targets(2413,5): warning MSB3277:         C:\Users\thanh\OneDrive\Documents\SP26SE120_VietTune\backend\VietTuneArchive.Domain\bin\Debug\net8.0\VietTuneArchive.Domain.dll [C:\Users\thanh\OneDrive\Documents\SP26SE120_VietTune\backend\VietTuneArchive.Application\VietTuneArchive.Application.csproj]
C:\Program Files\dotnet\sdk\9.0.101\Microsoft.Common.CurrentVersion.targets(2413,5): warning MSB3277:           Project file item includes which caused reference "C:\Users\thanh\OneDrive\Documents\SP26SE120_VietTune\backend\VietTuneArchive.Domain\bin\Debug\net8.0\VietTuneArchive.Domain.dll". [C:\Users\thanh\OneDrive\Documents\SP26SE120_VietTune\backend\VietTuneArchive.Application\VietTuneArchive.Application.csproj]
C:\Program Files\dotnet\sdk\9.0.101\Microsoft.Common.CurrentVersion.targets(2413,5): warning MSB3277:             C:\Users\thanh\OneDrive\Documents\SP26SE120_VietTune\backend\VietTuneArchive.Domain\bin\Debug\net8.0\VietTuneArchive.Domain.dll [C:\Users\thanh\OneDrive\Documents\SP26SE120_VietTune\backend\VietTuneArchive.Application\VietTuneArchive.Application.csproj]
C:\Users\thanh\OneDrive\Documents\SP26SE120_VietTune\backend\VietTuneArchive\Controllers\TranscriptionController.cs(51,62): warning CS1998: This async method lacks 'await' operators and will run synchronously. Consider using the 'await' operator to await non-blocking API calls, or 'await Task.Run(...)' to do CPU-bound work on a background thread. [C:\Users\thanh\OneDrive\Documents\SP26SE120_VietTune\backend\VietTuneArchive\VietTuneArchive.API.csproj]
C:\Users\thanh\OneDrive\Documents\SP26SE120_VietTune\backend\VietTuneArchive\Controllers\SubmissionVersionController.cs(96,17): warning CS8602: Dereference of a possibly null reference. [C:\Users\thanh\OneDrive\Documents\SP26SE120_VietTune\backend\VietTuneArchive\VietTuneArchive.API.csproj]
C:\Users\thanh\OneDrive\Documents\SP26SE120_VietTune\backend\VietTuneArchive\Controllers\SubmissionVersionController.cs(98,57): warning CS8604: Possible null reference argument for parameter 'dto' in 'Task<ServiceResponse<SubmissionVersionDto>> IGenericService<SubmissionVersionDto>.UpdateAsync(Guid id, SubmissionVersionDto dto)'. [C:\Users\thanh\OneDrive\Documents\SP26SE120_VietTune\backend\VietTuneArchive\VietTuneArchive.API.csproj]
C:\Users\thanh\OneDrive\Documents\SP26SE120_VietTune\backend\VietTuneArchive\Controllers\AuthController.cs(152,79): warning CS8604: Possible null reference argument for parameter 's' in 'byte[] Encoding.GetBytes(string s)'. [C:\Users\thanh\OneDrive\Documents\SP26SE120_VietTune\backend\VietTuneArchive\VietTuneArchive.API.csproj]
C:\Users\thanh\OneDrive\Documents\SP26SE120_VietTune\backend\VietTuneArchive\Controllers\MediaController.cs(22,55): warning CS1998: This async method lacks 'await' operators and will run synchronously. Consider using the 'await' operator to await non-blocking API calls, or 'await Task.Run(...)' to do CPU-bound work on a background thread. [C:\Users\thanh\OneDrive\Documents\SP26SE120_VietTune\backend\VietTuneArchive\VietTuneArchive.API.csproj]
C:\Users\thanh\OneDrive\Documents\SP26SE120_VietTune\backend\VietTuneArchive\Controllers\VectorEmbeddingController.cs(24,41): error CS1061: 'IVectorEmbeddingService' does not contain a definition for 'GetPaginatedAsync' and no accessible extension method 'GetPaginatedAsync' accepting a first argument of type 'IVectorEmbeddingService' could be found (are you missing a using directive or an assembly reference?) [C:\Users\thanh\OneDrive\Documents\SP26SE120_VietTune\backend\VietTuneArchive\VietTuneArchive.API.csproj]
C:\Users\thanh\OneDrive\Documents\SP26SE120_VietTune\backend\VietTuneArchive\Controllers\VectorEmbeddingController.cs(31,41): error CS1061: 'IVectorEmbeddingService' does not contain a definition for 'GetByIdAsync' and no accessible extension method 'GetByIdAsync' accepting a first argument of type 'IVectorEmbeddingService' could be found (are you missing a using directive or an assembly reference?) [C:\Users\thanh\OneDrive\Documents\SP26SE120_VietTune\backend\VietTuneArchive\VietTuneArchive.API.csproj]
C:\Users\thanh\OneDrive\Documents\SP26SE120_VietTune\backend\VietTuneArchive\Controllers\VectorEmbeddingController.cs(38,41): error CS1061: 'IVectorEmbeddingService' does not contain a definition for 'CreateAsync' and no accessible extension method 'CreateAsync' accepting a first argument of type 'IVectorEmbeddingService' could be found (are you missing a using directive or an assembly reference?) [C:\Users\thanh\OneDrive\Documents\SP26SE120_VietTune\backend\VietTuneArchive\VietTuneArchive.API.csproj]
C:\Users\thanh\OneDrive\Documents\SP26SE120_VietTune\backend\VietTuneArchive\Controllers\VectorEmbeddingController.cs(47,41): error CS1061: 'IVectorEmbeddingService' does not contain a definition for 'UpdateAsync' and no accessible extension method 'UpdateAsync' accepting a first argument of type 'IVectorEmbeddingService' could be found (are you missing a using directive or an assembly reference?) [C:\Users\thanh\OneDrive\Documents\SP26SE120_VietTune\backend\VietTuneArchive\VietTuneArchive.API.csproj]
C:\Users\thanh\OneDrive\Documents\SP26SE120_VietTune\backend\VietTuneArchive\Controllers\VectorEmbeddingController.cs(54,41): error CS1061: 'IVectorEmbeddingService' does not contain a definition for 'DeleteAsync' and no accessible extension method 'DeleteAsync' accepting a first argument of type 'IVectorEmbeddingService' could be found (are you missing a using directive or an assembly reference?) [C:\Users\thanh\OneDrive\Documents\SP26SE120_VietTune\backend\VietTuneArchive\VietTuneArchive.API.csproj]
    8 Warning(s)
    5 Error(s)

Time Elapsed 00:00:02.08
