  Determining projects to restore...
  Restored c:\Users\thanh\OneDrive\Documents\SP26SE120_VietTune\backend\VietTuneArchive.Application\VietTuneArchive.Application.csproj (in 697 ms).
  Restored c:\Users\thanh\OneDrive\Documents\SP26SE120_VietTune\backend\VietTuneArchive.Domain\VietTuneArchive.Domain.csproj (in 697 ms).
  Restored c:\Users\thanh\OneDrive\Documents\SP26SE120_VietTune\backend\VietTuneArchive\VietTuneArchive.API.csproj (in 845 ms).
c:\Users\thanh\OneDrive\Documents\SP26SE120_VietTune\backend\VietTuneArchive.Domain\Entities\VocalStyle.cs(15,23): warning CS8618: Non-nullable property 'Name' must contain a non-null value when exiting constructor. Consider adding the 'required' modifier or declaring the property as nullable. [c:\Users\thanh\OneDrive\Documents\SP26SE120_VietTune\backend\VietTuneArchive.Domain\VietTuneArchive.Domain.csproj]
c:\Users\thanh\OneDrive\Documents\SP26SE120_VietTune\backend\VietTuneArchive.Domain\Entities\AuditLog.cs(19,23): warning CS8618: Non-nullable property 'EntityType' must contain a non-null value when exiting constructor. Consider adding the 'required' modifier or declaring the property as nullable. [c:\Users\thanh\OneDrive\Documents\SP26SE120_VietTune\backend\VietTuneArchive.Domain\VietTuneArchive.Domain.csproj]
c:\Users\thanh\OneDrive\Documents\SP26SE120_VietTune\backend\VietTuneArchive.Domain\Entities\AuditLog.cs(23,23): warning CS8618: Non-nullable property 'EntityId' must contain a non-null value when exiting constructor. Consider adding the 'required' modifier or declaring the property as nullable. [c:\Users\thanh\OneDrive\Documents\SP26SE120_VietTune\backend\VietTuneArchive.Domain\VietTuneArchive.Domain.csproj]
c:\Users\thanh\OneDrive\Documents\SP26SE120_VietTune\backend\VietTuneArchive.Domain\Entities\AuditLog.cs(27,23): warning CS8618: Non-nullable property 'Action' must contain a non-null value when exiting constructor. Consider adding the 'required' modifier or declaring the property as nullable. [c:\Users\thanh\OneDrive\Documents\SP26SE120_VietTune\backend\VietTuneArchive.Domain\VietTuneArchive.Domain.csproj]
c:\Users\thanh\OneDrive\Documents\SP26SE120_VietTune\backend\VietTuneArchive.Domain\Entities\Ceremony.cs(14,23): warning CS8618: Non-nullable property 'Name' must contain a non-null value when exiting constructor. Consider adding the 'required' modifier or declaring the property as nullable. [c:\Users\thanh\OneDrive\Documents\SP26SE120_VietTune\backend\VietTuneArchive.Domain\VietTuneArchive.Domain.csproj]
c:\Users\thanh\OneDrive\Documents\SP26SE120_VietTune\backend\VietTuneArchive.Domain\Entities\Ceremony.cs(18,23): warning CS8618: Non-nullable property 'Type' must contain a non-null value when exiting constructor. Consider adding the 'required' modifier or declaring the property as nullable. [c:\Users\thanh\OneDrive\Documents\SP26SE120_VietTune\backend\VietTuneArchive.Domain\VietTuneArchive.Domain.csproj]
c:\Users\thanh\OneDrive\Documents\SP26SE120_VietTune\backend\VietTuneArchive.Domain\Entities\VectorEmbedding.cs(19,23): warning CS8618: Non-nullable property 'EmbeddingJson' must contain a non-null value when exiting constructor. Consider adding the 'required' modifier or declaring the property as nullable. [c:\Users\thanh\OneDrive\Documents\SP26SE120_VietTune\backend\VietTuneArchive.Domain\VietTuneArchive.Domain.csproj]
c:\Users\thanh\OneDrive\Documents\SP26SE120_VietTune\backend\VietTuneArchive.Domain\Entities\VectorEmbedding.cs(23,23): warning CS8618: Non-nullable property 'ModelVersion' must contain a non-null value when exiting constructor. Consider adding the 'required' modifier or declaring the property as nullable. [c:\Users\thanh\OneDrive\Documents\SP26SE120_VietTune\backend\VietTuneArchive.Domain\VietTuneArchive.Domain.csproj]
c:\Users\thanh\OneDrive\Documents\SP26SE120_VietTune\backend\VietTuneArchive.Domain\Entities\Commune.cs(21,23): warning CS8618: Non-nullable property 'Name' must contain a non-null value when exiting constructor. Consider adding the 'required' modifier or declaring the property as nullable. [c:\Users\thanh\OneDrive\Documents\SP26SE120_VietTune\backend\VietTuneArchive.Domain\VietTuneArchive.Domain.csproj]
c:\Users\thanh\OneDrive\Documents\SP26SE120_VietTune\backend\VietTuneArchive.Domain\Entities\District.cs(21,23): warning CS8618: Non-nullable property 'Name' must contain a non-null value when exiting constructor. Consider adding the 'required' modifier or declaring the property as nullable. [c:\Users\thanh\OneDrive\Documents\SP26SE120_VietTune\backend\VietTuneArchive.Domain\VietTuneArchive.Domain.csproj]
c:\Users\thanh\OneDrive\Documents\SP26SE120_VietTune\backend\VietTuneArchive.Domain\Entities\Annotation.cs(25,23): warning CS8618: Non-nullable property 'Content' must contain a non-null value when exiting constructor. Consider adding the 'required' modifier or declaring the property as nullable. [c:\Users\thanh\OneDrive\Documents\SP26SE120_VietTune\backend\VietTuneArchive.Domain\VietTuneArchive.Domain.csproj]
c:\Users\thanh\OneDrive\Documents\SP26SE120_VietTune\backend\VietTuneArchive.Domain\Entities\Annotation.cs(29,23): warning CS8618: Non-nullable property 'Type' must contain a non-null value when exiting constructor. Consider adding the 'required' modifier or declaring the property as nullable. [c:\Users\thanh\OneDrive\Documents\SP26SE120_VietTune\backend\VietTuneArchive.Domain\VietTuneArchive.Domain.csproj]
c:\Users\thanh\OneDrive\Documents\SP26SE120_VietTune\backend\VietTuneArchive.Domain\Entities\EthnicGroup.cs(14,23): warning CS8618: Non-nullable property 'Name' must contain a non-null value when exiting constructor. Consider adding the 'required' modifier or declaring the property as nullable. [c:\Users\thanh\OneDrive\Documents\SP26SE120_VietTune\backend\VietTuneArchive.Domain\VietTuneArchive.Domain.csproj]
c:\Users\thanh\OneDrive\Documents\SP26SE120_VietTune\backend\VietTuneArchive.Domain\Entities\User.cs(14,23): warning CS8618: Non-nullable property 'FullName' must contain a non-null value when exiting constructor. Consider adding the 'required' modifier or declaring the property as nullable. [c:\Users\thanh\OneDrive\Documents\SP26SE120_VietTune\backend\VietTuneArchive.Domain\VietTuneArchive.Domain.csproj]
c:\Users\thanh\OneDrive\Documents\SP26SE120_VietTune\backend\VietTuneArchive.Domain\Entities\User.cs(18,23): warning CS8618: Non-nullable property 'Email' must contain a non-null value when exiting constructor. Consider adding the 'required' modifier or declaring the property as nullable. [c:\Users\thanh\OneDrive\Documents\SP26SE120_VietTune\backend\VietTuneArchive.Domain\VietTuneArchive.Domain.csproj]
c:\Users\thanh\OneDrive\Documents\SP26SE120_VietTune\backend\VietTuneArchive.Domain\Entities\User.cs(22,23): warning CS8618: Non-nullable property 'PasswordHash' must contain a non-null value when exiting constructor. Consider adding the 'required' modifier or declaring the property as nullable. [c:\Users\thanh\OneDrive\Documents\SP26SE120_VietTune\backend\VietTuneArchive.Domain\VietTuneArchive.Domain.csproj]
c:\Users\thanh\OneDrive\Documents\SP26SE120_VietTune\backend\VietTuneArchive.Domain\Entities\Instrument.cs(15,23): warning CS8618: Non-nullable property 'Name' must contain a non-null value when exiting constructor. Consider adding the 'required' modifier or declaring the property as nullable. [c:\Users\thanh\OneDrive\Documents\SP26SE120_VietTune\backend\VietTuneArchive.Domain\VietTuneArchive.Domain.csproj]
c:\Users\thanh\OneDrive\Documents\SP26SE120_VietTune\backend\VietTuneArchive.Domain\Entities\Instrument.cs(19,23): warning CS8618: Non-nullable property 'Category' must contain a non-null value when exiting constructor. Consider adding the 'required' modifier or declaring the property as nullable. [c:\Users\thanh\OneDrive\Documents\SP26SE120_VietTune\backend\VietTuneArchive.Domain\VietTuneArchive.Domain.csproj]
c:\Users\thanh\OneDrive\Documents\SP26SE120_VietTune\backend\VietTuneArchive.Domain\Entities\KBCitation.cs(20,23): warning CS8618: Non-nullable property 'Citation' must contain a non-null value when exiting constructor. Consider adding the 'required' modifier or declaring the property as nullable. [c:\Users\thanh\OneDrive\Documents\SP26SE120_VietTune\backend\VietTuneArchive.Domain\VietTuneArchive.Domain.csproj]
c:\Users\thanh\OneDrive\Documents\SP26SE120_VietTune\backend\VietTuneArchive.Domain\Entities\KBRevision.cs(25,23): warning CS8618: Non-nullable property 'Content' must contain a non-null value when exiting constructor. Consider adding the 'required' modifier or declaring the property as nullable. [c:\Users\thanh\OneDrive\Documents\SP26SE120_VietTune\backend\VietTuneArchive.Domain\VietTuneArchive.Domain.csproj]
c:\Users\thanh\OneDrive\Documents\SP26SE120_VietTune\backend\VietTuneArchive.Domain\Entities\KBEntry.cs(15,23): warning CS8618: Non-nullable property 'Title' must contain a non-null value when exiting constructor. Consider adding the 'required' modifier or declaring the property as nullable. [c:\Users\thanh\OneDrive\Documents\SP26SE120_VietTune\backend\VietTuneArchive.Domain\VietTuneArchive.Domain.csproj]
c:\Users\thanh\OneDrive\Documents\SP26SE120_VietTune\backend\VietTuneArchive.Domain\Entities\KBEntry.cs(19,23): warning CS8618: Non-nullable property 'Slug' must contain a non-null value when exiting constructor. Consider adding the 'required' modifier or declaring the property as nullable. [c:\Users\thanh\OneDrive\Documents\SP26SE120_VietTune\backend\VietTuneArchive.Domain\VietTuneArchive.Domain.csproj]
c:\Users\thanh\OneDrive\Documents\SP26SE120_VietTune\backend\VietTuneArchive.Domain\Entities\KBEntry.cs(22,23): warning CS8618: Non-nullable property 'Content' must contain a non-null value when exiting constructor. Consider adding the 'required' modifier or declaring the property as nullable. [c:\Users\thanh\OneDrive\Documents\SP26SE120_VietTune\backend\VietTuneArchive.Domain\VietTuneArchive.Domain.csproj]
c:\Users\thanh\OneDrive\Documents\SP26SE120_VietTune\backend\VietTuneArchive.Domain\Entities\KBEntry.cs(26,23): warning CS8618: Non-nullable property 'Category' must contain a non-null value when exiting constructor. Consider adding the 'required' modifier or declaring the property as nullable. [c:\Users\thanh\OneDrive\Documents\SP26SE120_VietTune\backend\VietTuneArchive.Domain\VietTuneArchive.Domain.csproj]
c:\Users\thanh\OneDrive\Documents\SP26SE120_VietTune\backend\VietTuneArchive.Domain\Entities\MusicalScale.cs(14,23): warning CS8618: Non-nullable property 'Name' must contain a non-null value when exiting constructor. Consider adding the 'required' modifier or declaring the property as nullable. [c:\Users\thanh\OneDrive\Documents\SP26SE120_VietTune\backend\VietTuneArchive.Domain\VietTuneArchive.Domain.csproj]
c:\Users\thanh\OneDrive\Documents\SP26SE120_VietTune\backend\VietTuneArchive.Domain\Repositories\GenericRepository.cs(36,20): warning CS8603: Possible null reference return. [c:\Users\thanh\OneDrive\Documents\SP26SE120_VietTune\backend\VietTuneArchive.Domain\VietTuneArchive.Domain.csproj]
c:\Users\thanh\OneDrive\Documents\SP26SE120_VietTune\backend\VietTuneArchive.Domain\Entities\Province.cs(14,23): warning CS8618: Non-nullable property 'Name' must contain a non-null value when exiting constructor. Consider adding the 'required' modifier or declaring the property as nullable. [c:\Users\thanh\OneDrive\Documents\SP26SE120_VietTune\backend\VietTuneArchive.Domain\VietTuneArchive.Domain.csproj]
c:\Users\thanh\OneDrive\Documents\SP26SE120_VietTune\backend\VietTuneArchive.Domain\Entities\Province.cs(18,23): warning CS8618: Non-nullable property 'RegionCode' must contain a non-null value when exiting constructor. Consider adding the 'required' modifier or declaring the property as nullable. [c:\Users\thanh\OneDrive\Documents\SP26SE120_VietTune\backend\VietTuneArchive.Domain\VietTuneArchive.Domain.csproj]
c:\Users\thanh\OneDrive\Documents\SP26SE120_VietTune\backend\VietTuneArchive.Domain\Entities\Tag.cs(14,23): warning CS8618: Non-nullable property 'Name' must contain a non-null value when exiting constructor. Consider adding the 'required' modifier or declaring the property as nullable. [c:\Users\thanh\OneDrive\Documents\SP26SE120_VietTune\backend\VietTuneArchive.Domain\VietTuneArchive.Domain.csproj]
c:\Users\thanh\OneDrive\Documents\SP26SE120_VietTune\backend\VietTuneArchive.Domain\Entities\QAMessage.cs(22,23): warning CS8618: Non-nullable property 'Content' must contain a non-null value when exiting constructor. Consider adding the 'required' modifier or declaring the property as nullable. [c:\Users\thanh\OneDrive\Documents\SP26SE120_VietTune\backend\VietTuneArchive.Domain\VietTuneArchive.Domain.csproj]
c:\Users\thanh\OneDrive\Documents\SP26SE120_VietTune\backend\VietTuneArchive.Domain\Context\DBContextFactory.cs(26,28): error CS1061: 'DbContextOptionsBuilder<DBContext>' does not contain a definition for 'UseSqlServer' and no accessible extension method 'UseSqlServer' accepting a first argument of type 'DbContextOptionsBuilder<DBContext>' could be found (are you missing a using directive or an assembly reference?) [c:\Users\thanh\OneDrive\Documents\SP26SE120_VietTune\backend\VietTuneArchive.Domain\VietTuneArchive.Domain.csproj]
c:\Users\thanh\OneDrive\Documents\SP26SE120_VietTune\backend\VietTuneArchive.Domain\Context\DBContextFactory.cs(17,37): warning CS8602: Dereference of a possibly null reference. [c:\Users\thanh\OneDrive\Documents\SP26SE120_VietTune\backend\VietTuneArchive.Domain\VietTuneArchive.Domain.csproj]
c:\Users\thanh\OneDrive\Documents\SP26SE120_VietTune\backend\VietTuneArchive.Domain\Repositories\GenericRepository.cs(46,20): warning CS8603: Possible null reference return. [c:\Users\thanh\OneDrive\Documents\SP26SE120_VietTune\backend\VietTuneArchive.Domain\VietTuneArchive.Domain.csproj]
c:\Users\thanh\OneDrive\Documents\SP26SE120_VietTune\backend\VietTuneArchive.Domain\Entities\RecordingImage.cs(20,23): warning CS8618: Non-nullable property 'ImageUrl' must contain a non-null value when exiting constructor. Consider adding the 'required' modifier or declaring the property as nullable. [c:\Users\thanh\OneDrive\Documents\SP26SE120_VietTune\backend\VietTuneArchive.Domain\VietTuneArchive.Domain.csproj]
c:\Users\thanh\OneDrive\Documents\SP26SE120_VietTune\backend\VietTuneArchive.Domain\Entities\Recording.cs(15,23): warning CS8618: Non-nullable property 'Title' must contain a non-null value when exiting constructor. Consider adding the 'required' modifier or declaring the property as nullable. [c:\Users\thanh\OneDrive\Documents\SP26SE120_VietTune\backend\VietTuneArchive.Domain\VietTuneArchive.Domain.csproj]
c:\Users\thanh\OneDrive\Documents\SP26SE120_VietTune\backend\VietTuneArchive.Domain\Entities\Recording.cs(21,23): warning CS8618: Non-nullable property 'AudioFileUrl' must contain a non-null value when exiting constructor. Consider adding the 'required' modifier or declaring the property as nullable. [c:\Users\thanh\OneDrive\Documents\SP26SE120_VietTune\backend\VietTuneArchive.Domain\VietTuneArchive.Domain.csproj]
c:\Users\thanh\OneDrive\Documents\SP26SE120_VietTune\backend\VietTuneArchive.Domain\Entities\Recording.cs(28,23): warning CS8618: Non-nullable property 'AudioFormat' must contain a non-null value when exiting constructor. Consider adding the 'required' modifier or declaring the property as nullable. [c:\Users\thanh\OneDrive\Documents\SP26SE120_VietTune\backend\VietTuneArchive.Domain\VietTuneArchive.Domain.csproj]
c:\Users\thanh\OneDrive\Documents\SP26SE120_VietTune\backend\VietTuneArchive.Domain\Entities\RefreshToken.cs(20,23): warning CS8618: Non-nullable property 'Token' must contain a non-null value when exiting constructor. Consider adding the 'required' modifier or declaring the property as nullable. [c:\Users\thanh\OneDrive\Documents\SP26SE120_VietTune\backend\VietTuneArchive.Domain\VietTuneArchive.Domain.csproj]
c:\Users\thanh\OneDrive\Documents\SP26SE120_VietTune\backend\VietTuneArchive.Domain\Context\Migrations\DBContextModelSnapshot.cs(23,13): error CS0103: The name 'SqlServerModelBuilderExtensions' does not exist in the current context [c:\Users\thanh\OneDrive\Documents\SP26SE120_VietTune\backend\VietTuneArchive.Domain\VietTuneArchive.Domain.csproj]
c:\Users\thanh\OneDrive\Documents\SP26SE120_VietTune\backend\VietTuneArchive.Domain\Context\Migrations\20260305135743_InitMigration.Designer.cs(26,13): error CS0103: The name 'SqlServerModelBuilderExtensions' does not exist in the current context [c:\Users\thanh\OneDrive\Documents\SP26SE120_VietTune\backend\VietTuneArchive.Domain\VietTuneArchive.Domain.csproj]

Build FAILED.

c:\Users\thanh\OneDrive\Documents\SP26SE120_VietTune\backend\VietTuneArchive.Domain\Entities\VocalStyle.cs(15,23): warning CS8618: Non-nullable property 'Name' must contain a non-null value when exiting constructor. Consider adding the 'required' modifier or declaring the property as nullable. [c:\Users\thanh\OneDrive\Documents\SP26SE120_VietTune\backend\VietTuneArchive.Domain\VietTuneArchive.Domain.csproj]
c:\Users\thanh\OneDrive\Documents\SP26SE120_VietTune\backend\VietTuneArchive.Domain\Entities\AuditLog.cs(19,23): warning CS8618: Non-nullable property 'EntityType' must contain a non-null value when exiting constructor. Consider adding the 'required' modifier or declaring the property as nullable. [c:\Users\thanh\OneDrive\Documents\SP26SE120_VietTune\backend\VietTuneArchive.Domain\VietTuneArchive.Domain.csproj]
c:\Users\thanh\OneDrive\Documents\SP26SE120_VietTune\backend\VietTuneArchive.Domain\Entities\AuditLog.cs(23,23): warning CS8618: Non-nullable property 'EntityId' must contain a non-null value when exiting constructor. Consider adding the 'required' modifier or declaring the property as nullable. [c:\Users\thanh\OneDrive\Documents\SP26SE120_VietTune\backend\VietTuneArchive.Domain\VietTuneArchive.Domain.csproj]
c:\Users\thanh\OneDrive\Documents\SP26SE120_VietTune\backend\VietTuneArchive.Domain\Entities\AuditLog.cs(27,23): warning CS8618: Non-nullable property 'Action' must contain a non-null value when exiting constructor. Consider adding the 'required' modifier or declaring the property as nullable. [c:\Users\thanh\OneDrive\Documents\SP26SE120_VietTune\backend\VietTuneArchive.Domain\VietTuneArchive.Domain.csproj]
c:\Users\thanh\OneDrive\Documents\SP26SE120_VietTune\backend\VietTuneArchive.Domain\Entities\Ceremony.cs(14,23): warning CS8618: Non-nullable property 'Name' must contain a non-null value when exiting constructor. Consider adding the 'required' modifier or declaring the property as nullable. [c:\Users\thanh\OneDrive\Documents\SP26SE120_VietTune\backend\VietTuneArchive.Domain\VietTuneArchive.Domain.csproj]
c:\Users\thanh\OneDrive\Documents\SP26SE120_VietTune\backend\VietTuneArchive.Domain\Entities\Ceremony.cs(18,23): warning CS8618: Non-nullable property 'Type' must contain a non-null value when exiting constructor. Consider adding the 'required' modifier or declaring the property as nullable. [c:\Users\thanh\OneDrive\Documents\SP26SE120_VietTune\backend\VietTuneArchive.Domain\VietTuneArchive.Domain.csproj]
c:\Users\thanh\OneDrive\Documents\SP26SE120_VietTune\backend\VietTuneArchive.Domain\Entities\VectorEmbedding.cs(19,23): warning CS8618: Non-nullable property 'EmbeddingJson' must contain a non-null value when exiting constructor. Consider adding the 'required' modifier or declaring the property as nullable. [c:\Users\thanh\OneDrive\Documents\SP26SE120_VietTune\backend\VietTuneArchive.Domain\VietTuneArchive.Domain.csproj]
c:\Users\thanh\OneDrive\Documents\SP26SE120_VietTune\backend\VietTuneArchive.Domain\Entities\VectorEmbedding.cs(23,23): warning CS8618: Non-nullable property 'ModelVersion' must contain a non-null value when exiting constructor. Consider adding the 'required' modifier or declaring the property as nullable. [c:\Users\thanh\OneDrive\Documents\SP26SE120_VietTune\backend\VietTuneArchive.Domain\VietTuneArchive.Domain.csproj]
c:\Users\thanh\OneDrive\Documents\SP26SE120_VietTune\backend\VietTuneArchive.Domain\Entities\Commune.cs(21,23): warning CS8618: Non-nullable property 'Name' must contain a non-null value when exiting constructor. Consider adding the 'required' modifier or declaring the property as nullable. [c:\Users\thanh\OneDrive\Documents\SP26SE120_VietTune\backend\VietTuneArchive.Domain\VietTuneArchive.Domain.csproj]
c:\Users\thanh\OneDrive\Documents\SP26SE120_VietTune\backend\VietTuneArchive.Domain\Entities\District.cs(21,23): warning CS8618: Non-nullable property 'Name' must contain a non-null value when exiting constructor. Consider adding the 'required' modifier or declaring the property as nullable. [c:\Users\thanh\OneDrive\Documents\SP26SE120_VietTune\backend\VietTuneArchive.Domain\VietTuneArchive.Domain.csproj]
c:\Users\thanh\OneDrive\Documents\SP26SE120_VietTune\backend\VietTuneArchive.Domain\Entities\Annotation.cs(25,23): warning CS8618: Non-nullable property 'Content' must contain a non-null value when exiting constructor. Consider adding the 'required' modifier or declaring the property as nullable. [c:\Users\thanh\OneDrive\Documents\SP26SE120_VietTune\backend\VietTuneArchive.Domain\VietTuneArchive.Domain.csproj]
c:\Users\thanh\OneDrive\Documents\SP26SE120_VietTune\backend\VietTuneArchive.Domain\Entities\Annotation.cs(29,23): warning CS8618: Non-nullable property 'Type' must contain a non-null value when exiting constructor. Consider adding the 'required' modifier or declaring the property as nullable. [c:\Users\thanh\OneDrive\Documents\SP26SE120_VietTune\backend\VietTuneArchive.Domain\VietTuneArchive.Domain.csproj]
c:\Users\thanh\OneDrive\Documents\SP26SE120_VietTune\backend\VietTuneArchive.Domain\Entities\EthnicGroup.cs(14,23): warning CS8618: Non-nullable property 'Name' must contain a non-null value when exiting constructor. Consider adding the 'required' modifier or declaring the property as nullable. [c:\Users\thanh\OneDrive\Documents\SP26SE120_VietTune\backend\VietTuneArchive.Domain\VietTuneArchive.Domain.csproj]
c:\Users\thanh\OneDrive\Documents\SP26SE120_VietTune\backend\VietTuneArchive.Domain\Entities\User.cs(14,23): warning CS8618: Non-nullable property 'FullName' must contain a non-null value when exiting constructor. Consider adding the 'required' modifier or declaring the property as nullable. [c:\Users\thanh\OneDrive\Documents\SP26SE120_VietTune\backend\VietTuneArchive.Domain\VietTuneArchive.Domain.csproj]
c:\Users\thanh\OneDrive\Documents\SP26SE120_VietTune\backend\VietTuneArchive.Domain\Entities\User.cs(18,23): warning CS8618: Non-nullable property 'Email' must contain a non-null value when exiting constructor. Consider adding the 'required' modifier or declaring the property as nullable. [c:\Users\thanh\OneDrive\Documents\SP26SE120_VietTune\backend\VietTuneArchive.Domain\VietTuneArchive.Domain.csproj]
c:\Users\thanh\OneDrive\Documents\SP26SE120_VietTune\backend\VietTuneArchive.Domain\Entities\User.cs(22,23): warning CS8618: Non-nullable property 'PasswordHash' must contain a non-null value when exiting constructor. Consider adding the 'required' modifier or declaring the property as nullable. [c:\Users\thanh\OneDrive\Documents\SP26SE120_VietTune\backend\VietTuneArchive.Domain\VietTuneArchive.Domain.csproj]
c:\Users\thanh\OneDrive\Documents\SP26SE120_VietTune\backend\VietTuneArchive.Domain\Entities\Instrument.cs(15,23): warning CS8618: Non-nullable property 'Name' must contain a non-null value when exiting constructor. Consider adding the 'required' modifier or declaring the property as nullable. [c:\Users\thanh\OneDrive\Documents\SP26SE120_VietTune\backend\VietTuneArchive.Domain\VietTuneArchive.Domain.csproj]
c:\Users\thanh\OneDrive\Documents\SP26SE120_VietTune\backend\VietTuneArchive.Domain\Entities\Instrument.cs(19,23): warning CS8618: Non-nullable property 'Category' must contain a non-null value when exiting constructor. Consider adding the 'required' modifier or declaring the property as nullable. [c:\Users\thanh\OneDrive\Documents\SP26SE120_VietTune\backend\VietTuneArchive.Domain\VietTuneArchive.Domain.csproj]
c:\Users\thanh\OneDrive\Documents\SP26SE120_VietTune\backend\VietTuneArchive.Domain\Entities\KBCitation.cs(20,23): warning CS8618: Non-nullable property 'Citation' must contain a non-null value when exiting constructor. Consider adding the 'required' modifier or declaring the property as nullable. [c:\Users\thanh\OneDrive\Documents\SP26SE120_VietTune\backend\VietTuneArchive.Domain\VietTuneArchive.Domain.csproj]
c:\Users\thanh\OneDrive\Documents\SP26SE120_VietTune\backend\VietTuneArchive.Domain\Entities\KBRevision.cs(25,23): warning CS8618: Non-nullable property 'Content' must contain a non-null value when exiting constructor. Consider adding the 'required' modifier or declaring the property as nullable. [c:\Users\thanh\OneDrive\Documents\SP26SE120_VietTune\backend\VietTuneArchive.Domain\VietTuneArchive.Domain.csproj]
c:\Users\thanh\OneDrive\Documents\SP26SE120_VietTune\backend\VietTuneArchive.Domain\Entities\KBEntry.cs(15,23): warning CS8618: Non-nullable property 'Title' must contain a non-null value when exiting constructor. Consider adding the 'required' modifier or declaring the property as nullable. [c:\Users\thanh\OneDrive\Documents\SP26SE120_VietTune\backend\VietTuneArchive.Domain\VietTuneArchive.Domain.csproj]
c:\Users\thanh\OneDrive\Documents\SP26SE120_VietTune\backend\VietTuneArchive.Domain\Entities\KBEntry.cs(19,23): warning CS8618: Non-nullable property 'Slug' must contain a non-null value when exiting constructor. Consider adding the 'required' modifier or declaring the property as nullable. [c:\Users\thanh\OneDrive\Documents\SP26SE120_VietTune\backend\VietTuneArchive.Domain\VietTuneArchive.Domain.csproj]
c:\Users\thanh\OneDrive\Documents\SP26SE120_VietTune\backend\VietTuneArchive.Domain\Entities\KBEntry.cs(22,23): warning CS8618: Non-nullable property 'Content' must contain a non-null value when exiting constructor. Consider adding the 'required' modifier or declaring the property as nullable. [c:\Users\thanh\OneDrive\Documents\SP26SE120_VietTune\backend\VietTuneArchive.Domain\VietTuneArchive.Domain.csproj]
c:\Users\thanh\OneDrive\Documents\SP26SE120_VietTune\backend\VietTuneArchive.Domain\Entities\KBEntry.cs(26,23): warning CS8618: Non-nullable property 'Category' must contain a non-null value when exiting constructor. Consider adding the 'required' modifier or declaring the property as nullable. [c:\Users\thanh\OneDrive\Documents\SP26SE120_VietTune\backend\VietTuneArchive.Domain\VietTuneArchive.Domain.csproj]
c:\Users\thanh\OneDrive\Documents\SP26SE120_VietTune\backend\VietTuneArchive.Domain\Entities\MusicalScale.cs(14,23): warning CS8618: Non-nullable property 'Name' must contain a non-null value when exiting constructor. Consider adding the 'required' modifier or declaring the property as nullable. [c:\Users\thanh\OneDrive\Documents\SP26SE120_VietTune\backend\VietTuneArchive.Domain\VietTuneArchive.Domain.csproj]
c:\Users\thanh\OneDrive\Documents\SP26SE120_VietTune\backend\VietTuneArchive.Domain\Repositories\GenericRepository.cs(36,20): warning CS8603: Possible null reference return. [c:\Users\thanh\OneDrive\Documents\SP26SE120_VietTune\backend\VietTuneArchive.Domain\VietTuneArchive.Domain.csproj]
c:\Users\thanh\OneDrive\Documents\SP26SE120_VietTune\backend\VietTuneArchive.Domain\Entities\Province.cs(14,23): warning CS8618: Non-nullable property 'Name' must contain a non-null value when exiting constructor. Consider adding the 'required' modifier or declaring the property as nullable. [c:\Users\thanh\OneDrive\Documents\SP26SE120_VietTune\backend\VietTuneArchive.Domain\VietTuneArchive.Domain.csproj]
c:\Users\thanh\OneDrive\Documents\SP26SE120_VietTune\backend\VietTuneArchive.Domain\Entities\Province.cs(18,23): warning CS8618: Non-nullable property 'RegionCode' must contain a non-null value when exiting constructor. Consider adding the 'required' modifier or declaring the property as nullable. [c:\Users\thanh\OneDrive\Documents\SP26SE120_VietTune\backend\VietTuneArchive.Domain\VietTuneArchive.Domain.csproj]
c:\Users\thanh\OneDrive\Documents\SP26SE120_VietTune\backend\VietTuneArchive.Domain\Entities\Tag.cs(14,23): warning CS8618: Non-nullable property 'Name' must contain a non-null value when exiting constructor. Consider adding the 'required' modifier or declaring the property as nullable. [c:\Users\thanh\OneDrive\Documents\SP26SE120_VietTune\backend\VietTuneArchive.Domain\VietTuneArchive.Domain.csproj]
c:\Users\thanh\OneDrive\Documents\SP26SE120_VietTune\backend\VietTuneArchive.Domain\Entities\QAMessage.cs(22,23): warning CS8618: Non-nullable property 'Content' must contain a non-null value when exiting constructor. Consider adding the 'required' modifier or declaring the property as nullable. [c:\Users\thanh\OneDrive\Documents\SP26SE120_VietTune\backend\VietTuneArchive.Domain\VietTuneArchive.Domain.csproj]
c:\Users\thanh\OneDrive\Documents\SP26SE120_VietTune\backend\VietTuneArchive.Domain\Context\DBContextFactory.cs(17,37): warning CS8602: Dereference of a possibly null reference. [c:\Users\thanh\OneDrive\Documents\SP26SE120_VietTune\backend\VietTuneArchive.Domain\VietTuneArchive.Domain.csproj]
c:\Users\thanh\OneDrive\Documents\SP26SE120_VietTune\backend\VietTuneArchive.Domain\Repositories\GenericRepository.cs(46,20): warning CS8603: Possible null reference return. [c:\Users\thanh\OneDrive\Documents\SP26SE120_VietTune\backend\VietTuneArchive.Domain\VietTuneArchive.Domain.csproj]
c:\Users\thanh\OneDrive\Documents\SP26SE120_VietTune\backend\VietTuneArchive.Domain\Entities\RecordingImage.cs(20,23): warning CS8618: Non-nullable property 'ImageUrl' must contain a non-null value when exiting constructor. Consider adding the 'required' modifier or declaring the property as nullable. [c:\Users\thanh\OneDrive\Documents\SP26SE120_VietTune\backend\VietTuneArchive.Domain\VietTuneArchive.Domain.csproj]
c:\Users\thanh\OneDrive\Documents\SP26SE120_VietTune\backend\VietTuneArchive.Domain\Entities\Recording.cs(15,23): warning CS8618: Non-nullable property 'Title' must contain a non-null value when exiting constructor. Consider adding the 'required' modifier or declaring the property as nullable. [c:\Users\thanh\OneDrive\Documents\SP26SE120_VietTune\backend\VietTuneArchive.Domain\VietTuneArchive.Domain.csproj]
c:\Users\thanh\OneDrive\Documents\SP26SE120_VietTune\backend\VietTuneArchive.Domain\Entities\Recording.cs(21,23): warning CS8618: Non-nullable property 'AudioFileUrl' must contain a non-null value when exiting constructor. Consider adding the 'required' modifier or declaring the property as nullable. [c:\Users\thanh\OneDrive\Documents\SP26SE120_VietTune\backend\VietTuneArchive.Domain\VietTuneArchive.Domain.csproj]
c:\Users\thanh\OneDrive\Documents\SP26SE120_VietTune\backend\VietTuneArchive.Domain\Entities\Recording.cs(28,23): warning CS8618: Non-nullable property 'AudioFormat' must contain a non-null value when exiting constructor. Consider adding the 'required' modifier or declaring the property as nullable. [c:\Users\thanh\OneDrive\Documents\SP26SE120_VietTune\backend\VietTuneArchive.Domain\VietTuneArchive.Domain.csproj]
c:\Users\thanh\OneDrive\Documents\SP26SE120_VietTune\backend\VietTuneArchive.Domain\Entities\RefreshToken.cs(20,23): warning CS8618: Non-nullable property 'Token' must contain a non-null value when exiting constructor. Consider adding the 'required' modifier or declaring the property as nullable. [c:\Users\thanh\OneDrive\Documents\SP26SE120_VietTune\backend\VietTuneArchive.Domain\VietTuneArchive.Domain.csproj]
c:\Users\thanh\OneDrive\Documents\SP26SE120_VietTune\backend\VietTuneArchive.Domain\Context\DBContextFactory.cs(26,28): error CS1061: 'DbContextOptionsBuilder<DBContext>' does not contain a definition for 'UseSqlServer' and no accessible extension method 'UseSqlServer' accepting a first argument of type 'DbContextOptionsBuilder<DBContext>' could be found (are you missing a using directive or an assembly reference?) [c:\Users\thanh\OneDrive\Documents\SP26SE120_VietTune\backend\VietTuneArchive.Domain\VietTuneArchive.Domain.csproj]
c:\Users\thanh\OneDrive\Documents\SP26SE120_VietTune\backend\VietTuneArchive.Domain\Context\Migrations\DBContextModelSnapshot.cs(23,13): error CS0103: The name 'SqlServerModelBuilderExtensions' does not exist in the current context [c:\Users\thanh\OneDrive\Documents\SP26SE120_VietTune\backend\VietTuneArchive.Domain\VietTuneArchive.Domain.csproj]
c:\Users\thanh\OneDrive\Documents\SP26SE120_VietTune\backend\VietTuneArchive.Domain\Context\Migrations\20260305135743_InitMigration.Designer.cs(26,13): error CS0103: The name 'SqlServerModelBuilderExtensions' does not exist in the current context [c:\Users\thanh\OneDrive\Documents\SP26SE120_VietTune\backend\VietTuneArchive.Domain\VietTuneArchive.Domain.csproj]
    37 Warning(s)
    3 Error(s)

Time Elapsed 00:00:03.39
